// Jest Snapshot v1, https://goo.gl/fbAQLP

exports[`Vip renders correctly should render correctly 1`] = `
<MockStoreProvider
  getState={[Function]}
>
  <Provider
    store={
      Object {
        "dispatch": [Function],
        "getState": [Function],
        "replaceReducer": [Function],
        "subscribe": [Function],
        Symbol(observable): [Function],
      }
    }
  >
    <StaticRouter>
      <Router
        history={
          Object {
            "action": "POP",
            "block": [Function],
            "createHref": [Function],
            "go": [Function],
            "goBack": [Function],
            "goForward": [Function],
            "listen": [Function],
            "location": Object {
              "hash": "",
              "pathname": "/",
              "search": "",
              "state": undefined,
            },
            "push": [Function],
            "replace": [Function],
          }
        }
        staticContext={Object {}}
      >
        <Vip>
          <Seo
            images={
              Array [
                Object {
                  "caption": "Ferrari 246 dino GT 1973",
                  "fullScreenUrl": "//i.ebayimg.com/00/s/NjgyWDEwMjQ=/z/znIAAOxynwlTcg-F/$_57.jpg",
                  "thumbnailUrl": "//i.ebayimg.com/00/s/NjgyWDEwMjQ=/z/znIAAOxynwlTcg-F/$_2.jpg",
                  "url": "//i.ebayimg.com/00/s/NjgyWDEwMjQ=/z/znIAAOxynwlTcg-F/$_27.jpg",
                },
                Object {
                  "caption": "Ferrari 246 dino GT 1973",
                  "fullScreenUrl": "//i.ebayimg.com/00/s/NjgyWDEwMjQ=/z/GvsAAOxyZzlTcg-L/$_57.jpg",
                  "thumbnailUrl": "//i.ebayimg.com/00/s/NjgyWDEwMjQ=/z/GvsAAOxyZzlTcg-L/$_2.jpg",
                  "url": "//i.ebayimg.com/00/s/NjgyWDEwMjQ=/z/GvsAAOxyZzlTcg-L/$_27.jpg",
                },
                Object {
                  "caption": "Ferrari 246 dino GT 1973",
                  "fullScreenUrl": "//i.ebayimg.com/00/s/NjgyWDEwMjQ=/z/GpoAAOxyZzlTcg-F/$_57.jpg",
                  "thumbnailUrl": "//i.ebayimg.com/00/s/NjgyWDEwMjQ=/z/GpoAAOxyZzlTcg-F/$_2.jpg",
                  "url": "//i.ebayimg.com/00/s/NjgyWDEwMjQ=/z/GpoAAOxyZzlTcg-F/$_27.jpg",
                },
                Object {
                  "caption": "Ferrari 246 dino GT 1973",
                  "fullScreenUrl": "//i.ebayimg.com/00/s/NjgyWDEwMjQ=/z/Z6UAAOxyCTtTcg-L/$_57.jpg",
                  "thumbnailUrl": "//i.ebayimg.com/00/s/NjgyWDEwMjQ=/z/Z6UAAOxyCTtTcg-L/$_2.jpg",
                  "url": "//i.ebayimg.com/00/s/NjgyWDEwMjQ=/z/Z6UAAOxyCTtTcg-L/$_27.jpg",
                },
              ]
            }
            url="http://test.com/category/product"
            vip={
              Object {
                "adMobTargeting": Object {
                  "advid": "2514",
                  "channel": "car",
                  "dealer": "01",
                  "ez": "2010",
                  "intid": "97045",
                  "kw": "193",
                  "ma": "179616",
                  "make": "Buick",
                  "model": "Skylark",
                  "price": "566",
                },
                "attributes": Array [
                  Object {
                    "label": "mileage",
                    "tag": "mileage",
                    "value": "179,616 km",
                  },
                  Object {
                    "label": "displacement",
                    "tag": "cubicCapacity",
                    "value": "1,320 cm³",
                  },
                  Object {
                    "label": "performance",
                    "tag": "power",
                    "value": "193 kW (262 hp)",
                  },
                  Object {
                    "label": "fuel type",
                    "tag": "fuel",
                    "value": "natural gas (CNG), E10-compatible, plug-in hybrid",
                  },
                  Object {
                    "label": "number of seats",
                    "tag": "numSeats",
                    "value": "2",
                  },
                  Object {
                    "label": "number of doors",
                    "tag": "doorCount",
                    "value": "6/7",
                  },
                  Object {
                    "label": "gear",
                    "tag": "transmission",
                    "value": "automatic",
                  },
                  Object {
                    "label": "pollutant class",
                    "tag": "emissionClass",
                    "value": "Euro2",
                  },
                  Object {
                    "label": "environmental badge",
                    "tag": "emissions sticker",
                    "value": "2 (red)",
                  },
                  Object {
                    "label": "first registration",
                    "tag": "firstRegistration",
                    "value": "08/2010",
                  },
                  Object {
                    "label": "air conditioning",
                    "tag": "climatisation",
                    "value": "automatic climate control",
                  },
                  Object {
                    "label": "airbags",
                    "tag": "airbag",
                    "value": "front airbags",
                  },
                  Object {
                    "label": "color",
                    "tag": "color",
                    "value": "black",
                  },
                  Object {
                    "label": "interior",
                    "value": "other, gray",
                  },
                ],
                "category": "sports car / coupe, day registration",
                "contact": Object {
                  "address1": "Rudower Chaussee 8",
                  "address2": "DE-46236 Bottrop Altstadt",
                  "canSendCcMail": true,
                  "country": "DE",
                  "enumType": "DEALER",
                  "imprint": "This is a default imprint text to ensure a correct test processing.",
                  "latLong": Object {
                    "lat": 51.48694,
                    "lon": 6.88274,
                  },
                  "name": "Handy Andy Home Improvement Center",
                  "phones": Array [
                    Object {
                      "number": "+4930123456789200",
                      "type": "PHONE1",
                      "uri": "tel: +4930123456789200",
                    },
                  ],
                  "type": "dealer",
                  "withMobileSince": "Dealer at mobile.de since 12/10/2014",
                },
                "created": 1418206195,
                "features": Array [
                  "towbar",
                  "handicapped accessible",
                  "hands-free system",
                  "navigation system",
                  "sports package",
                ],
                "hasDamage": false,
                "htmlDescription": "Ferrari Dino 246 Dino GT 20500 km. matching numbers Car has just done a full service at ferrari with 14.000 euro spent an it is in very good conditions. 20500 km. visible in London. Please no time wasters. if you wish to come and inspect it we have a pick up service for our valuable clients from london heathrow airport. we speak english italian russian polish lithuanian. car sold new in italy. ",
                "id": 97045,
                "images": Array [
                  Object {
                    "set": "fe4cfedffdffffffff",
                    "uri": "i.ebayimg.com/00/s/NjgyWDEwMjQ=/z/znIAAOxynwlTcg-F/$",
                  },
                  Object {
                    "set": "fe4cfedffdffffffff",
                    "uri": "i.ebayimg.com/00/s/NjgyWDEwMjQ=/z/znIAAOxynwlTcg-F/$",
                  },
                  Object {
                    "set": "fe4cfedffdffffffff",
                    "uri": "i.ebayimg.com/00/s/NjgyWDEwMjQ=/z/GvsAAOxyZzlTcg-L/$",
                  },
                  Object {
                    "set": "fe4cfedffdffffffff",
                    "uri": "i.ebayimg.com/00/s/NjgyWDEwMjQ=/z/znIAAOxynwlTcg-F/$",
                  },
                  Object {
                    "set": "fe4cfedffdffffffff",
                    "uri": "i.ebayimg.com/00/s/NjgyWDEwMjQ=/z/GpoAAOxyZzlTcg-F/$",
                  },
                  Object {
                    "set": "fe4cfedffdffffffff",
                    "uri": "i.ebayimg.com/00/s/NjgyWDEwMjQ=/z/GpoAAOxyZzlTcg-F/$",
                  },
                  Object {
                    "set": "fe4cfedffdffffffff",
                    "uri": "i.ebayimg.com/00/s/NjgyWDEwMjQ=/z/Z6UAAOxyCTtTcg-L/$",
                  },
                ],
                "isConditionNew": false,
                "isDamageCase": true,
                "isNew": false,
                "isPreRegistration": true,
                "makeId": 4400,
                "makeKey": "Ferrari",
                "modelKey": "246",
                "price": Object {
                  "grs": Object {
                    "amount": 566,
                    "currency": "EUR",
                  },
                  "large": "566 €",
                  "net": "476 €",
                  "nt": Object {
                    "amount": 475.63,
                    "currency": "EUR",
                  },
                  "type": "FIXED",
                  "vat": "7pm",
                },
                "segment": "Car",
                "sellerId": 56578,
                "title": "Ferrari 246 dino GT 1973",
                "vat": "19.00% VAT",
                "vc": "Car",
              }
            }
          >
            <HelmetWrapper
              defer={true}
              encodeSpecialCharacters={true}
            >
              <SideEffect(NullComponent)
                defer={true}
                encodeSpecialCharacters={true}
              >
                <NullComponent
                  defer={true}
                  encodeSpecialCharacters={true}
                />
              </SideEffect(NullComponent)>
            </HelmetWrapper>
            <HelmetWrapper
              defer={true}
              encodeSpecialCharacters={true}
            >
              <SideEffect(NullComponent)
                defer={true}
                encodeSpecialCharacters={true}
                meta={
                  Array [
                    Object {
                      "content": "Category: sports car / coupe, day registration, year: 246 details: Ferrari Dino 246 Dino GT 20500 km. matching numbers Car has just done a full service at ferrari with 14.000 euro spent an it is in very good conditions. 20500 km. visible in London. Please no time wasters. if you wish to come and inspect it we have a pick up service for our valuable clients from london heathrow airport. we speak english italian russian polish lithuanian. car sold new in italy. }",
                      "name": "description",
                    },
                    Object {
                      "content": "246,Ferrari,towbar,handicapped accessible,hands-free system,navigation system,sports package",
                      "name": "keywords",
                    },
                  ]
                }
                script={
                  Array [
                    Object {
                      "innerHTML": "{\\"@context\\":\\"https://schema.org/\\",\\"@type\\":\\"Product\\",\\"name\\":\\"Ferrari 246 dino GT 1973\\",\\"image\\":[\\"https://i.ebayimg.com/00/s/NjgyWDEwMjQ=/z/znIAAOxynwlTcg-F/$_57.jpg\\",\\"https://i.ebayimg.com/00/s/NjgyWDEwMjQ=/z/GvsAAOxyZzlTcg-L/$_57.jpg\\",\\"https://i.ebayimg.com/00/s/NjgyWDEwMjQ=/z/GpoAAOxyZzlTcg-F/$_57.jpg\\",\\"https://i.ebayimg.com/00/s/NjgyWDEwMjQ=/z/Z6UAAOxyCTtTcg-L/$_57.jpg\\"],\\"description\\":\\"Ferrari Dino 246 Dino GT 20500 km. matching numbers Car has just done a full service at ferrari with 14.000 euro spent an it is in very good conditions. 20500 km. visible in London. Please no time wasters. if you wish to come and inspect it we have a pick up service for our valuable clients from london heathrow airport. we speak english italian russian polish lithuanian. car sold new in italy. \\",\\"sku\\":\\"97045\\",\\"mpn\\":\\"4400\\",\\"brand\\":{\\"@type\\":\\"Brand\\",\\"name\\":\\"Ferrari\\"},\\"offers\\":{\\"@type\\":\\"Offer\\",\\"url\\":\\"http://test.com/category/product\\",\\"priceCurrency\\":\\"EUR\\",\\"price\\":\\"475.63\\",\\"itemCondition\\":\\"https://schema.org/UsedCondition\\",\\"availability\\":\\"https://schema.org/InStock\\",\\"seller\\":{\\"@type\\":\\"dealer\\",\\"name\\":\\"Handy Andy Home Improvement Center\\"}}}",
                      "type": "application/ld+json",
                    },
                  ]
                }
                title="Mobile.de | Cars | Ferrari 246 dino GT 1973"
                titleAttributes={Object {}}
              >
                <NullComponent
                  defer={true}
                  encodeSpecialCharacters={true}
                  meta={
                    Array [
                      Object {
                        "content": "Category: sports car / coupe, day registration, year: 246 details: Ferrari Dino 246 Dino GT 20500 km. matching numbers Car has just done a full service at ferrari with 14.000 euro spent an it is in very good conditions. 20500 km. visible in London. Please no time wasters. if you wish to come and inspect it we have a pick up service for our valuable clients from london heathrow airport. we speak english italian russian polish lithuanian. car sold new in italy. }",
                        "name": "description",
                      },
                      Object {
                        "content": "246,Ferrari,towbar,handicapped accessible,hands-free system,navigation system,sports package",
                        "name": "keywords",
                      },
                    ]
                  }
                  script={
                    Array [
                      Object {
                        "innerHTML": "{\\"@context\\":\\"https://schema.org/\\",\\"@type\\":\\"Product\\",\\"name\\":\\"Ferrari 246 dino GT 1973\\",\\"image\\":[\\"https://i.ebayimg.com/00/s/NjgyWDEwMjQ=/z/znIAAOxynwlTcg-F/$_57.jpg\\",\\"https://i.ebayimg.com/00/s/NjgyWDEwMjQ=/z/GvsAAOxyZzlTcg-L/$_57.jpg\\",\\"https://i.ebayimg.com/00/s/NjgyWDEwMjQ=/z/GpoAAOxyZzlTcg-F/$_57.jpg\\",\\"https://i.ebayimg.com/00/s/NjgyWDEwMjQ=/z/Z6UAAOxyCTtTcg-L/$_57.jpg\\"],\\"description\\":\\"Ferrari Dino 246 Dino GT 20500 km. matching numbers Car has just done a full service at ferrari with 14.000 euro spent an it is in very good conditions. 20500 km. visible in London. Please no time wasters. if you wish to come and inspect it we have a pick up service for our valuable clients from london heathrow airport. we speak english italian russian polish lithuanian. car sold new in italy. \\",\\"sku\\":\\"97045\\",\\"mpn\\":\\"4400\\",\\"brand\\":{\\"@type\\":\\"Brand\\",\\"name\\":\\"Ferrari\\"},\\"offers\\":{\\"@type\\":\\"Offer\\",\\"url\\":\\"http://test.com/category/product\\",\\"priceCurrency\\":\\"EUR\\",\\"price\\":\\"475.63\\",\\"itemCondition\\":\\"https://schema.org/UsedCondition\\",\\"availability\\":\\"https://schema.org/InStock\\",\\"seller\\":{\\"@type\\":\\"dealer\\",\\"name\\":\\"Handy Andy Home Improvement Center\\"}}}",
                        "type": "application/ld+json",
                      },
                    ]
                  }
                  title="Mobile.de | Cars | Ferrari 246 dino GT 1973"
                  titleAttributes={Object {}}
                />
              </SideEffect(NullComponent)>
            </HelmetWrapper>
          </Seo>
          <Switch>
            <Redirect
              computedMatch={
                Object {
                  "isExact": true,
                  "params": Object {},
                  "path": "/",
                  "url": "/",
                }
              }
              exact={true}
              from="/"
              location={
                Object {
                  "hash": "",
                  "pathname": "/",
                  "search": "",
                  "state": undefined,
                }
              }
              to="//Ferrari-246-dino-GT-1973"
            />
          </Switch>
        </Vip>
      </Router>
    </StaticRouter>
  </Provider>
</MockStoreProvider>
`;
